[uinhugjr.manus.space/index.html]
[backblue.gif]
[fade.gif]
[index.html]
[uinhugjr.manus.space/css/styles.css]
[uinhugjr.manus.space/css/animations.css]
[cdnjs.cloudflare.com/ajax/libs/font-awesome/6.0.0-beta3/css/all.min.css]
[uinhugjr.manus.space/assets/icons/hammer.svg]
[uinhugjr.manus.space/work_samples/index.html]
[uinhugjr.manus.space/assets/images/hero-placeholder.jpg]
[uinhugjr.manus.space/assets/icons/paint.svg]
[uinhugjr.manus.space/assets/images/painting-placeholder.jpg]
[uinhugjr.manus.space/merchandise/index.html]
[uinhugjr.manus.space/assets/icons/tools.svg]
[uinhugjr.manus.space/assets/images/carpentry-placeholder.jpg]
[uinhugjr.manus.space/assets/icons/drill.svg]
[uinhugjr.manus.space/assets/images/plumbing-placeholder.jpg]
[uinhugjr.manus.space/assets/images/electrical-placeholder.jpg]
[uinhugjr.manus.space/assets/images/inspection-placeholder.jpg]
[uinhugjr.manus.space/assets/images/job2-placeholder.jpg]
[uinhugjr.manus.space/assets/images/job3-placeholder.jpg]
[uinhugjr.manus.space/assets/images/job4-placeholder.jpg]
[uinhugjr.manus.space/assets/images/job6-placeholder.jpg]
[uinhugjr.manus.space/index.html]
[uinhugjr.manus.space/css/styles.css]
[uinhugjr.manus.space/css/animations.css]
[cdnjs.cloudflare.com/ajax/libs/font-awesome/6.0.0-beta3/css/all.min.css]
[uinhugjr.manus.space/js/script.js]
[uinhugjr.manus.space/assets/images/IMG_1231.jpg]
[uinhugjr.manus.space/assets/images/IMG_0500.jpg]
[uinhugjr.manus.space/assets/images/IMG_1244.jpg]
[uinhugjr.manus.space/work_samples/index.html]
[uinhugjr.manus.space/merchandise/index.html]
[uinhugjr.manus.space/assets/icons/hammer.svg]
[uinhugjr.manus.space/assets/icons/paint.svg]
[uinhugjr.manus.space/assets/icons/tools.svg]
[uinhugjr.manus.space/assets/icons/drill.svg]
[uinhugjr.manus.space/assets/images/tiling-placeholder.jpg]
[uinhugjr.manus.space/assets/images/job1-placeholder.jpg]
[uinhugjr.manus.space/assets/images/job5-placeholder.jpg]
